<html>
<body>
<pre>
<h1>礦ision Build Log</h1>
<h2>Tool Versions:</h2>
IDE-Version: μVision V5.14.0.0
Copyright (C) 2015 ARM Ltd and ARM Germany GmbH. All rights reserved.
License Information: hq Administrator, hq, LIC=WHYFW-Q0S6E-GJ16P-M31KU-33TTG-6DM7L
 
Tool Versions:
Toolchain:       MDK-ARM Standard  Version: 5.14.0.0
Toolchain Path:  C:\Keil_v5\ARM\ARMCC\Bin
C Compiler:      Armcc.exe V5.05 update 1 (build 106)
Assembler:       Armasm.exe V5.05 update 1 (build 106)
Linker/Locator:  ArmLink.exe V5.05 update 1 (build 106)
Library Manager: ArmAr.exe V5.05 update 1 (build 106)
Hex Converter:   FromElf.exe V5.05 update 1 (build 106)
CPU DLL:         SARMCM3.DLL V5.14.0.0
Dialog DLL:      DCM.DLL V1.13.1.0
Target DLL:      STLink\ST-LINKIII-KEIL_SWO.dll V2.0.14.0_KEIL
Dialog DLL:      TCM.DLL V1.14.4.0
 
<h2>Project:</h2>
F:\program_test（2016.12.19）\功能模块\Double Camera OV2640\Binocular Camera OV2640 F407 V3.0\USER\OV2640.uvprojx
Project File Date:  09/05/2018

<h2>Output:</h2>
Build target 'OV2640'
compiling main.c...
compiling ov2640.c...
linking...
Program Size: Code=34666 RO-data=7386 RW-data=64 ZI-data=309064  
FromELF: creating hex file...
"..\OBJ\OV2640.axf" - 0 Error(s), 0 Warning(s).

<h2>Collection of Component include folders:</h2>
  F:\program_test（2016.12.19）\功能模块\Double Camera OV2640\Binocular Camera OV2640 F407 V3.0\USER\RTE
  C:\Keil_v5\ARM\PACK\Keil\STM32F4xx_DFP\2.11.0

<h2>Collection of Component Files used:</h2>
</pre>
</body>
</html>
