"mass-flow-rate-outlet-rfile"
"Iteration" "mass-flow-rate-outlet"
("Iteration" "mass-flow-rate-outlet")
1 0.3518416256955412
2 -11.46875830441627
3 -5.336735499687092
4 -1.392136392962278
5 -3.26717261113675
6 -2.983878588872323
7 -7.38512605376514
8 -5.152753605568912
9 -6.815080651330356
10 -5.796757855415067
11 -3.946825539296069
12 -4.953253569382669
13 -4.082175213755695
14 -3.314620672195891
15 -3.018256382305366
16 -3.005839656473077
17 -2.382885862961828
18 -1.299032310485506
19 -0.7401182873114347
20 -0.3365142081687
21 -0.0711877832860512
22 0.0284866145208303
23 0.1272308586783712
24 0.1048408465366899
25 0.2179090485726815
26 0.08743883117682455
27 0.01523775401266301
28 -0.07534952343467714
29 -0.1029095109535493
30 -0.127169524932902
31 -0.1208396465744512
32 -0.1255829144295747
33 -0.1002490806861375
34 -0.09601585671878214
35 -0.09758668050027415
36 -0.07496998044121216
37 -0.06304366121089355
38 -0.04009063317740063
39 -0.02303453683238906
40 0.008931804653800468
41 0.2890004886924316
42 0.4353412253277905
43 0.4013218821358466
44 0.3321736893241319
45 0.2553509746865419
46 0.1778756137112974
47 0.1352294218092157
48 0.1428782332018161
49 0.09865739685696262
50 0.08464175042681543
51 0.08060643767438762
52 0.07940330657276737
53 0.1277155610706543
54 0.2650310817603156
55 0.294139523037154
56 0.3239774154706911
57 0.3227626461126502
58 0.2890583164484347
59 0.3116734534750367
60 0.29630399528937
61 0.2933670049260605
62 0.2807341753813982
63 0.2224637965852548
64 0.1914192343435762
65 0.1354643237133117
66 -0.03664868136744048
67 -0.2426819551327859
68 -0.2702275456820437
69 -0.272953696185967
70 -0.2469112733126596
71 -0.2250647463841839
72 -0.2226390684366006
73 -0.2179047192705361
74 -0.177550935817791
75 -0.1730526678105741
76 -0.1167296506862361
77 -0.06869906411663168
78 -0.0611463554942385
79 -0.01731956843560073
80 -0.000291216277394853
81 0.09717475146331206
82 0.2307001506211999
83 0.2971502985710103
84 0.2849342768818502
85 0.234525309051311
86 0.1918288753124894
87 0.193671244836233
88 0.1711897360566787
89 0.1531195914953292
90 0.1429690770863984
91 0.1181450913278765
92 0.09719744422180288
93 0.07577947110447436
94 0.07900557256072829
95 0.02751064169351816
96 -0.1057262378771512
97 -0.3628976200978278
98 -0.3785405562545788
99 -0.3360075075530857
100 -0.2790201994962454
101 -0.2529301852432065
102 -0.2234403796577211
103 -0.2082874153681408
104 -0.1632247468782207
105 -0.1509465762884751
106 -0.1190940579617947
107 -0.07198604879354281
108 -0.06921961025747439
109 -0.06917226563112308
110 -0.0587966514161025
111 -0.1534349004098791
112 -0.2338051548395723
113 -0.2349113052008976
114 -0.2063667775297022
115 -0.1924760501320911
116 -0.1913977806219884
117 -0.1633886751173695
118 -0.1261977335302059
119 -0.1197607116109818
120 -0.1057934486775535
121 -0.05991001446388636
122 -0.05973381581806814
123 -0.06949573253065501
124 -0.04750090272702454
125 -0.05598078431848848
126 -0.115819885236943
127 -0.1069020000466424
128 -0.1176213771776086
129 -0.103196435251252
130 -0.08181111944188721
131 -0.06014328927353804
132 -0.0661788043694768
133 -0.052487139684393
134 -0.05441016938756305
135 -0.14594209454249
136 -0.2130919911805352
137 -0.1919749839574836
138 -0.1896266626264652
139 -0.1809838368605098
140 -0.1838253936195712
141 -0.1714706802779282
142 -0.1422017238630807
143 -0.1462722619217681
144 -0.1205004673436016
145 -0.09300000716767634
146 -0.09676206491790078
147 -0.09169023920718625
148 -0.06952361818191413
149 -0.05090558799958088
150 -0.04889812219165516
151 0.001456396401904429
152 0.5346527969163715
153 0.5295188250256857
154 0.5311679639463174
155 0.5055377950187286
156 0.4631259422891043
157 0.4453661969889903
158 0.3704888406935458
159 0.3365561557516093
160 0.3000636251298736
161 0.1084981979475317
162 -0.1479023002740361
163 -0.4772214191566291
164 -0.533793362004757
165 -0.5217857019688411
166 -0.4309340785464127
167 -0.3797163279252246
168 -0.2929719898469989
169 -0.1945457501296905
170 -0.2090668194674564
171 -0.165966769988196
172 -0.09622507338841832
173 -0.04531643236209879
174 -0.05377078446073214
175 0.07457582167175462
176 0.1628800979835448
177 0.2728514712465243
178 0.3386975834136983
179 0.3522878494737615
180 0.3329311642433631
181 0.3505066270631798
182 0.3458413978639165
183 0.3206067473773107
184 0.2944766589005418
185 0.273863451802514
186 0.23480091470987
187 0.1860168736881376
188 0.1808204022784282
189 -0.08148242020667606
190 -0.3402105638705263
191 -0.4588180398668174
192 -0.419933745951211
193 -0.3897956531543787
194 -0.3558016669360877
195 -0.3022803768837574
196 -0.2894540357942575
197 -0.2505437648582149
198 -0.2027431795029864
199 -0.1385241911369025
200 -0.1009617450491486
201 -0.06636721002502782
202 0.006519524941781579
203 0.1190239832551427
204 0.3214714649306352
205 0.3190926084708549
206 0.3233408737493338
207 0.338639040992933
208 0.3581476753372429
209 0.3224769993162038
210 0.3356590890486011
211 0.3401028802732392
212 0.326305569292909
213 0.2929334883818067
214 0.2765914139218733
215 0.2036163901938955
216 0.1938442233229946
217 0.1394075448871742
218 -0.0449625952892336
219 -0.2838002873145669
220 -0.4573394942327135
221 -0.4238705693915802
222 -0.3617701312909906
223 -0.3123371100731608
224 -0.3054971588229982
225 -0.2454696684494753
226 -0.2172460764792354
227 -0.1994675760894669
228 -0.1895519586640366
229 -0.1352220581896151
230 -0.1195956139594812
231 -0.07749048358701648
232 0.03987187276322193
233 0.1756717095421592
234 0.2401873992687233
235 0.2570769008493963
236 0.2064627607141495
237 0.07728571415563093
238 -0.04372214027193588
239 -0.1081465185120688
240 -0.1065568285602696
241 -0.09404057319894589
242 -0.03015049181269132
243 -0.02800503487235475
244 0.002618867820690849
245 -0.009895577858047271
246 0.03185981266994679
247 0.03974265372809029
248 0.1038607888649392
249 0.1445404222508774
250 0.1937329611176358
251 0.2179888251622433
252 0.2250164547895443
253 0.2396766691858601
254 0.2457509779665026
255 0.2532881340560638
256 0.2201579028811274
257 0.1784025661045415
258 0.07304351846543794
259 -0.3061925757681204
260 -0.4978879250186199
261 -0.5366433210202148
262 -0.4746372028300604
263 -0.4015452585139834
264 -0.3391155279615327
265 -0.3057944339133646
266 -0.279842220059129
267 -0.2611963856010563
268 -0.1859651893214203
269 -0.1395213538290594
270 -0.1122371676504501
271 -0.09134685708888861
272 -0.04828374909016734
273 0.0305812179199169
274 0.142696025728193
275 0.2456693432260404
276 0.2942224937388073
277 0.2309914857614681
278 0.2288055050056358
279 0.2101742027486232
280 0.20500681996786
281 0.2081550382867695
282 0.1833510353479639
283 0.1556731490497162
284 0.1519485912320246
285 0.1333736824332195
286 0.07403258072980794
287 -0.2326008283666171
288 -0.5464769435544714
289 -0.5734480571521821
290 -0.5018361932450219
291 -0.4097349650864793
292 -0.3245839141405753
293 -0.2447892631009113
294 -0.2347276879295562
295 -0.1923719918134441
296 -0.1158116219830222
297 -0.08339077350608029
298 -0.099469200191854
299 -0.05587071850793962
300 0.03231870040279166
301 0.1201539739594165
302 0.1108569659036976
303 0.1037568705013812
304 -0.004629209928267381
305 -0.04810814212985477
306 -0.04821497219848411
307 -0.0187417437528187
308 0.05031039582693921
309 0.08956932536800857
310 0.09769714276456834
311 0.1010434798999869
312 0.09507627495762749
313 0.06138354299877311
314 0.03827870359418278
315 0.01350393955328731
316 -0.1430500440239837
317 -0.3855207996879957
318 -0.4111775105269075
319 -0.3517656412001228
320 -0.300512765314934
321 -0.2319104837040159
322 -0.2186025426637154
323 -0.1786445349991423
324 -0.1561390503848592
325 -0.1190623690191295
326 -0.09044929344083844
327 -0.07988782537851527
