Component: ARM Compiler 5.06 update 6 (build 750) Tool: armlink [4d35ed]

==============================================================================

Section Cross References

    startup.o(STACK) refers (Special) to heapauxi.o(.text) for __use_two_region_memory
    startup.o(HEAP) refers (Special) to heapauxi.o(.text) for __use_two_region_memory
    startup.o(RESET) refers (Special) to heapauxi.o(.text) for __use_two_region_memory
    startup.o(RESET) refers to startup.o(STACK) for Stack_Top
    startup.o(RESET) refers to __main.o(!!!main) for __main
    startup.o(.text) refers (Special) to heapauxi.o(.text) for __use_two_region_memory
    startup.o(.text) refers to startup.o(HEAP) for Heap_Mem
    startup.o(.text) refers to startup.o(STACK) for Stack_Mem
    sound.o(i._Z11PlayWavFilePKc) refers to ff.o(i.f_mount) for f_mount
    sound.o(i._Z11PlayWavFilePKc) refers to ff.o(i.f_open) for f_open
    sound.o(i._Z11PlayWavFilePKc) refers to ff.o(i.f_read) for f_read
    sound.o(i._Z11PlayWavFilePKc) refers to sound.o(i._Z16PWM_SetDutyCyclet) for PWM_SetDutyCycle(unsigned short)
    sound.o(i._Z11PlayWavFilePKc) refers to ff.o(i.f_close) for f_close
    sound.o(i._Z11PlayWavFilePKc) refers to sound.o(.bss) for fs
    sound.o(i.main) refers to sound.o(i._Z8PWM_Initv) for PWM_Init()
    sound.o(i.main) refers to sound.o(i._Z11PlayWavFilePKc) for PlayWavFile(const char*)
    sound.o(.ARM.exidx) refers to sound.o(i._Z8PWM_Initv) for i._Z8PWM_Initv
    sound.o(.ARM.exidx) refers to sound.o(i._Z16PWM_SetDutyCyclet) for i._Z16PWM_SetDutyCyclet
    sound.o(.ARM.exidx) refers to sound.o(i._Z11PlayWavFilePKc) for i._Z11PlayWavFilePKc
    sound.o(.ARM.exidx) refers to sound.o(i.main) for i.main
    ff.o(i.check_fs) refers to ff.o(i.move_window) for move_window
    ff.o(i.check_fs) refers to ff.o(i.ld_word) for ld_word
    ff.o(i.check_fs) refers to memcmp.o(.text) for memcmp
    ff.o(i.check_fs) refers to ff.o(i.ld_dword) for ld_dword
    ff.o(i.create_chain) refers to ff.o(i.get_fat) for get_fat
    ff.o(i.create_chain) refers to ff.o(i.put_fat) for put_fat
    ff.o(i.create_name) refers to aeabi_memset.o(.text) for __aeabi_memset
    ff.o(i.create_name) refers to ff.o(i.dbc_1st) for dbc_1st
    ff.o(i.create_name) refers to ff.o(i.dbc_2nd) for dbc_2nd
    ff.o(i.create_name) refers to strchr.o(.text) for strchr
    ff.o(i.dbc_1st) refers to ff.o(.constdata) for DbcTbl
    ff.o(i.dbc_2nd) refers to ff.o(.constdata) for DbcTbl
    ff.o(i.dir_alloc) refers to ff.o(i.dir_sdi) for dir_sdi
    ff.o(i.dir_alloc) refers to ff.o(i.move_window) for move_window
    ff.o(i.dir_alloc) refers to ff.o(i.dir_next) for dir_next
    ff.o(i.dir_clear) refers to ff.o(i.sync_window) for sync_window
    ff.o(i.dir_clear) refers to ff.o(i.clst2sect) for clst2sect
    ff.o(i.dir_clear) refers to rt_memclr_w.o(.text) for __aeabi_memclr4
    ff.o(i.dir_clear) refers to diskio.o(i.disk_write) for disk_write
    ff.o(i.dir_find) refers to ff.o(i.dir_sdi) for dir_sdi
    ff.o(i.dir_find) refers to ff.o(i.move_window) for move_window
    ff.o(i.dir_find) refers to memcmp.o(.text) for memcmp
    ff.o(i.dir_find) refers to ff.o(i.dir_next) for dir_next
    ff.o(i.dir_next) refers to ff.o(i.get_fat) for get_fat
    ff.o(i.dir_next) refers to ff.o(i.create_chain) for create_chain
    ff.o(i.dir_next) refers to ff.o(i.dir_clear) for dir_clear
    ff.o(i.dir_next) refers to ff.o(i.clst2sect) for clst2sect
    ff.o(i.dir_read) refers to ff.o(i.move_window) for move_window
    ff.o(i.dir_read) refers to ff.o(i.dir_next) for dir_next
    ff.o(i.dir_register) refers to ff.o(i.dir_alloc) for dir_alloc
    ff.o(i.dir_register) refers to ff.o(i.move_window) for move_window
    ff.o(i.dir_register) refers to rt_memclr.o(.text) for __aeabi_memclr
    ff.o(i.dir_register) refers to rt_memcpy.o(.text) for __aeabi_memcpy
    ff.o(i.dir_remove) refers to ff.o(i.move_window) for move_window
    ff.o(i.dir_sdi) refers to ff.o(i.get_fat) for get_fat
    ff.o(i.dir_sdi) refers to ff.o(i.clst2sect) for clst2sect
    ff.o(i.f_close) refers to ff.o(i.f_sync) for f_sync
    ff.o(i.f_close) refers to ff.o(i.validate) for validate
    ff.o(i.f_closedir) refers to ff.o(i.validate) for validate
    ff.o(i.f_getfree) refers to ff.o(i.mount_volume) for mount_volume
    ff.o(i.f_getfree) refers to ff.o(i.get_fat) for get_fat
    ff.o(i.f_getfree) refers to ff.o(i.move_window) for move_window
    ff.o(i.f_getfree) refers to ff.o(i.ld_word) for ld_word
    ff.o(i.f_getfree) refers to ff.o(i.ld_dword) for ld_dword
    ff.o(i.f_lseek) refers to ff.o(i.validate) for validate
    ff.o(i.f_lseek) refers to aeabi_sdiv.o(.text_udiv) for __aeabi_uidivmod
    ff.o(i.f_lseek) refers to ff.o(i.create_chain) for create_chain
    ff.o(i.f_lseek) refers to ff.o(i.get_fat) for get_fat
    ff.o(i.f_lseek) refers to ff.o(i.clst2sect) for clst2sect
    ff.o(i.f_lseek) refers to diskio.o(i.disk_write) for disk_write
    ff.o(i.f_lseek) refers to diskio.o(i.disk_read) for disk_read
    ff.o(i.f_mkdir) refers to ff.o(i.mount_volume) for mount_volume
    ff.o(i.f_mkdir) refers to ff.o(i.follow_path) for follow_path
    ff.o(i.f_mkdir) refers to ff.o(i.create_chain) for create_chain
    ff.o(i.f_mkdir) refers to ff.o(i.dir_clear) for dir_clear
    ff.o(i.f_mkdir) refers to aeabi_memset.o(.text) for __aeabi_memset
    ff.o(i.f_mkdir) refers to ff.o(i.st_dword) for st_dword
    ff.o(i.f_mkdir) refers to ff.o(i.st_clust) for st_clust
    ff.o(i.f_mkdir) refers to rt_memcpy_w.o(.text) for __aeabi_memcpy4
    ff.o(i.f_mkdir) refers to ff.o(i.dir_register) for dir_register
    ff.o(i.f_mkdir) refers to ff.o(i.sync_fs) for sync_fs
    ff.o(i.f_mkdir) refers to ff.o(i.remove_chain) for remove_chain
    ff.o(i.f_mount) refers to ff.o(i.get_ldnumber) for get_ldnumber
    ff.o(i.f_mount) refers to ff.o(i.mount_volume) for mount_volume
    ff.o(i.f_mount) refers to ff.o(.data) for FatFs
    ff.o(i.f_open) refers to ff.o(i.mount_volume) for mount_volume
    ff.o(i.f_open) refers to ff.o(i.follow_path) for follow_path
    ff.o(i.f_open) refers to ff.o(i.dir_register) for dir_register
    ff.o(i.f_open) refers to ff.o(i.st_dword) for st_dword
    ff.o(i.f_open) refers to ff.o(i.ld_clust) for ld_clust
    ff.o(i.f_open) refers to ff.o(i.st_clust) for st_clust
    ff.o(i.f_open) refers to ff.o(i.remove_chain) for remove_chain
    ff.o(i.f_open) refers to ff.o(i.move_window) for move_window
    ff.o(i.f_open) refers to ff.o(i.ld_dword) for ld_dword
    ff.o(i.f_open) refers to rt_memclr_w.o(.text) for __aeabi_memclr4
    ff.o(i.f_open) refers to ff.o(i.get_fat) for get_fat
    ff.o(i.f_open) refers to ff.o(i.clst2sect) for clst2sect
    ff.o(i.f_open) refers to diskio.o(i.disk_read) for disk_read
    ff.o(i.f_opendir) refers to ff.o(i.mount_volume) for mount_volume
    ff.o(i.f_opendir) refers to ff.o(i.follow_path) for follow_path
    ff.o(i.f_opendir) refers to ff.o(i.ld_clust) for ld_clust
    ff.o(i.f_opendir) refers to ff.o(i.dir_sdi) for dir_sdi
    ff.o(i.f_read) refers to ff.o(i.validate) for validate
    ff.o(i.f_read) refers to ff.o(i.get_fat) for get_fat
    ff.o(i.f_read) refers to ff.o(i.clst2sect) for clst2sect
    ff.o(i.f_read) refers to diskio.o(i.disk_read) for disk_read
    ff.o(i.f_read) refers to rt_memcpy.o(.text) for __aeabi_memcpy
    ff.o(i.f_read) refers to diskio.o(i.disk_write) for disk_write
    ff.o(i.f_readdir) refers to ff.o(i.validate) for validate
    ff.o(i.f_readdir) refers to ff.o(i.dir_sdi) for dir_sdi
    ff.o(i.f_readdir) refers to ff.o(i.dir_read) for dir_read
    ff.o(i.f_readdir) refers to ff.o(i.get_fileinfo) for get_fileinfo
    ff.o(i.f_readdir) refers to ff.o(i.dir_next) for dir_next
    ff.o(i.f_rename) refers to ff.o(i.get_ldnumber) for get_ldnumber
    ff.o(i.f_rename) refers to ff.o(i.mount_volume) for mount_volume
    ff.o(i.f_rename) refers to ff.o(i.follow_path) for follow_path
    ff.o(i.f_rename) refers to rt_memcpy.o(.text) for __aeabi_memcpy
    ff.o(i.f_rename) refers to rt_memcpy_w.o(.text) for __aeabi_memcpy4
    ff.o(i.f_rename) refers to ff.o(i.dir_register) for dir_register
    ff.o(i.f_rename) refers to ff.o(i.ld_clust) for ld_clust
    ff.o(i.f_rename) refers to ff.o(i.clst2sect) for clst2sect
    ff.o(i.f_rename) refers to ff.o(i.move_window) for move_window
    ff.o(i.f_rename) refers to ff.o(i.st_clust) for st_clust
    ff.o(i.f_rename) refers to ff.o(i.dir_remove) for dir_remove
    ff.o(i.f_rename) refers to ff.o(i.sync_fs) for sync_fs
    ff.o(i.f_stat) refers to ff.o(i.mount_volume) for mount_volume
    ff.o(i.f_stat) refers to ff.o(i.follow_path) for follow_path
    ff.o(i.f_stat) refers to ff.o(i.get_fileinfo) for get_fileinfo
    ff.o(i.f_sync) refers to ff.o(i.validate) for validate
    ff.o(i.f_sync) refers to diskio.o(i.disk_write) for disk_write
    ff.o(i.f_sync) refers to ff.o(i.move_window) for move_window
    ff.o(i.f_sync) refers to ff.o(i.st_clust) for st_clust
    ff.o(i.f_sync) refers to ff.o(i.st_dword) for st_dword
    ff.o(i.f_sync) refers to ff.o(i.st_word) for st_word
    ff.o(i.f_sync) refers to ff.o(i.sync_fs) for sync_fs
    ff.o(i.f_truncate) refers to ff.o(i.validate) for validate
    ff.o(i.f_truncate) refers to ff.o(i.remove_chain) for remove_chain
    ff.o(i.f_truncate) refers to ff.o(i.get_fat) for get_fat
    ff.o(i.f_truncate) refers to diskio.o(i.disk_write) for disk_write
    ff.o(i.f_unlink) refers to ff.o(i.mount_volume) for mount_volume
    ff.o(i.f_unlink) refers to ff.o(i.follow_path) for follow_path
    ff.o(i.f_unlink) refers to ff.o(i.ld_clust) for ld_clust
    ff.o(i.f_unlink) refers to ff.o(i.dir_sdi) for dir_sdi
    ff.o(i.f_unlink) refers to ff.o(i.dir_read) for dir_read
    ff.o(i.f_unlink) refers to ff.o(i.dir_remove) for dir_remove
    ff.o(i.f_unlink) refers to ff.o(i.remove_chain) for remove_chain
    ff.o(i.f_unlink) refers to ff.o(i.sync_fs) for sync_fs
    ff.o(i.f_write) refers to ff.o(i.validate) for validate
    ff.o(i.f_write) refers to ff.o(i.create_chain) for create_chain
    ff.o(i.f_write) refers to diskio.o(i.disk_write) for disk_write
    ff.o(i.f_write) refers to ff.o(i.clst2sect) for clst2sect
    ff.o(i.f_write) refers to rt_memcpy.o(.text) for __aeabi_memcpy
    ff.o(i.f_write) refers to diskio.o(i.disk_read) for disk_read
    ff.o(i.find_volume) refers to ff.o(i.check_fs) for check_fs
    ff.o(i.find_volume) refers to ff.o(i.ld_dword) for ld_dword
    ff.o(i.follow_path) refers to ff.o(i.dir_sdi) for dir_sdi
    ff.o(i.follow_path) refers to ff.o(i.create_name) for create_name
    ff.o(i.follow_path) refers to ff.o(i.dir_find) for dir_find
    ff.o(i.follow_path) refers to ff.o(i.ld_clust) for ld_clust
    ff.o(i.get_fat) refers to ff.o(i.move_window) for move_window
    ff.o(i.get_fat) refers to ff.o(i.ld_word) for ld_word
    ff.o(i.get_fat) refers to ff.o(i.ld_dword) for ld_dword
    ff.o(i.get_fileinfo) refers to ff.o(i.ld_dword) for ld_dword
    ff.o(i.get_fileinfo) refers to ff.o(i.ld_word) for ld_word
    ff.o(i.ld_clust) refers to ff.o(i.ld_word) for ld_word
    ff.o(i.mount_volume) refers to ff.o(i.get_ldnumber) for get_ldnumber
    ff.o(i.mount_volume) refers to diskio.o(i.disk_status) for disk_status
    ff.o(i.mount_volume) refers to diskio.o(i.disk_initialize) for disk_initialize
    ff.o(i.mount_volume) refers to ff.o(i.find_volume) for find_volume
    ff.o(i.mount_volume) refers to ff.o(i.ld_word) for ld_word
    ff.o(i.mount_volume) refers to ff.o(i.ld_dword) for ld_dword
    ff.o(i.mount_volume) refers to aeabi_sdiv.o(.text_udiv) for __aeabi_uidivmod
    ff.o(i.mount_volume) refers to ff.o(i.move_window) for move_window
    ff.o(i.mount_volume) refers to ff.o(.data) for FatFs
    ff.o(i.move_window) refers to ff.o(i.sync_window) for sync_window
    ff.o(i.move_window) refers to diskio.o(i.disk_read) for disk_read
    ff.o(i.put_fat) refers to ff.o(i.move_window) for move_window
    ff.o(i.put_fat) refers to ff.o(i.st_word) for st_word
    ff.o(i.put_fat) refers to ff.o(i.ld_dword) for ld_dword
    ff.o(i.put_fat) refers to ff.o(i.st_dword) for st_dword
    ff.o(i.remove_chain) refers to ff.o(i.put_fat) for put_fat
    ff.o(i.remove_chain) refers to ff.o(i.get_fat) for get_fat
    ff.o(i.st_clust) refers to ff.o(i.st_word) for st_word
    ff.o(i.sync_fs) refers to ff.o(i.sync_window) for sync_window
    ff.o(i.sync_fs) refers to rt_memclr_w.o(.text) for __aeabi_memclr4
    ff.o(i.sync_fs) refers to ff.o(i.st_dword) for st_dword
    ff.o(i.sync_fs) refers to diskio.o(i.disk_write) for disk_write
    ff.o(i.sync_fs) refers to diskio.o(i.disk_ioctl) for disk_ioctl
    ff.o(i.sync_window) refers to diskio.o(i.disk_write) for disk_write
    ff.o(i.validate) refers to diskio.o(i.disk_status) for disk_status
    rt_memcpy.o(.text) refers to rt_memcpy_w.o(.text) for __aeabi_memcpy4
    aeabi_memset.o(.text) refers to rt_memclr.o(.text) for _memset
    rt_memclr.o(.text) refers to rt_memclr_w.o(.text) for _memset_w
    aeabi_sdiv.o(.text_udiv) refers to aeabi_sdiv.o(.text) for __arm_div2
    aeabi_sdiv_div0.o(.text_udiv) refers to aeabi_sdiv_div0.o(.text) for __arm_div2
    __main.o(!!!main) refers to __rtentry.o(.ARM.Collect$$rtentry$$00000000) for __rt_entry
    __rtentry.o(.ARM.Collect$$rtentry$$00000000) refers (Special) to __rtentry2.o(.ARM.Collect$$rtentry$$0000000A) for __rt_entry_li
    __rtentry.o(.ARM.Collect$$rtentry$$00000000) refers (Special) to __rtentry2.o(.ARM.Collect$$rtentry$$0000000D) for __rt_entry_main
    __rtentry.o(.ARM.Collect$$rtentry$$00000000) refers (Special) to __rtentry2.o(.ARM.Collect$$rtentry$$0000000C) for __rt_entry_postli_1
    __rtentry.o(.ARM.Collect$$rtentry$$00000000) refers (Special) to __rtentry2.o(.ARM.Collect$$rtentry$$00000009) for __rt_entry_postsh_1
    __rtentry.o(.ARM.Collect$$rtentry$$00000000) refers (Special) to __rtentry2.o(.ARM.Collect$$rtentry$$00000002) for __rt_entry_presh_1
    __rtentry.o(.ARM.Collect$$rtentry$$00000000) refers (Special) to __rtentry4.o(.ARM.Collect$$rtentry$$00000004) for __rt_entry_sh
    aeabi_idiv0_sigfpe.o(.text) refers to rt_div0.o(.text) for __rt_div0
    __rtentry2.o(.ARM.Collect$$rtentry$$00000008) refers to boardinit2.o(.text) for _platform_post_stackheap_init
    __rtentry2.o(.ARM.Collect$$rtentry$$0000000A) refers to libinit.o(.ARM.Collect$$libinit$$00000000) for __rt_lib_init
    __rtentry2.o(.ARM.Collect$$rtentry$$0000000B) refers to boardinit3.o(.text) for _platform_post_lib_init
    __rtentry2.o(.ARM.Collect$$rtentry$$0000000D) refers to exit.o(.text) for exit
    __rtentry2.o(.ARM.Collect$$rtentry$$0000000D) refers to sound.o(i.main) for main
    __rtentry2.o(.ARM.exidx) refers to __rtentry2.o(.ARM.Collect$$rtentry$$00000001) for .ARM.Collect$$rtentry$$00000001
    __rtentry2.o(.ARM.exidx) refers to __rtentry2.o(.ARM.Collect$$rtentry$$00000008) for .ARM.Collect$$rtentry$$00000008
    __rtentry2.o(.ARM.exidx) refers to __rtentry2.o(.ARM.Collect$$rtentry$$0000000A) for .ARM.Collect$$rtentry$$0000000A
    __rtentry2.o(.ARM.exidx) refers to __rtentry2.o(.ARM.Collect$$rtentry$$0000000B) for .ARM.Collect$$rtentry$$0000000B
    __rtentry2.o(.ARM.exidx) refers to __rtentry2.o(.ARM.Collect$$rtentry$$0000000D) for .ARM.Collect$$rtentry$$0000000D
    __rtentry4.o(.ARM.Collect$$rtentry$$00000004) refers to sys_stackheap_outer.o(.text) for __user_setup_stackheap
    __rtentry4.o(.ARM.exidx) refers to __rtentry4.o(.ARM.Collect$$rtentry$$00000004) for .ARM.Collect$$rtentry$$00000004
    rt_div0.o(.text) refers to defsig_fpe_outer.o(.text) for __rt_SIGFPE
    sys_stackheap_outer.o(.text) refers to libspace.o(.text) for __user_perproc_libspace
    sys_stackheap_outer.o(.text) refers to startup.o(.text) for __user_initial_stackheap
    exit.o(.text) refers to rtexit.o(.ARM.Collect$$rtexit$$00000000) for __rt_exit
    defsig_fpe_outer.o(.text) refers to defsig_fpe_inner.o(.text) for __rt_SIGFPE_inner
    defsig_fpe_outer.o(.text) refers to defsig_exit.o(.text) for __sig_exit
    defsig_fpe_formal.o(.text) refers to rt_raise.o(.text) for __rt_raise
    libinit.o(.ARM.Collect$$libinit$$00000000) refers (Special) to libinit2.o(.ARM.Collect$$libinit$$0000002E) for __rt_lib_init_alloca_1
    libinit.o(.ARM.Collect$$libinit$$00000000) refers (Special) to libinit2.o(.ARM.Collect$$libinit$$0000002C) for __rt_lib_init_argv_1
    libinit.o(.ARM.Collect$$libinit$$00000000) refers (Special) to libinit2.o(.ARM.Collect$$libinit$$0000001B) for __rt_lib_init_atexit_1
    libinit.o(.ARM.Collect$$libinit$$00000000) refers (Special) to libinit2.o(.ARM.Collect$$libinit$$00000021) for __rt_lib_init_clock_1
    libinit.o(.ARM.Collect$$libinit$$00000000) refers (Special) to libinit2.o(.ARM.Collect$$libinit$$00000032) for __rt_lib_init_cpp_1
    libinit.o(.ARM.Collect$$libinit$$00000000) refers (Special) to libinit2.o(.ARM.Collect$$libinit$$00000030) for __rt_lib_init_exceptions_1
    libinit.o(.ARM.Collect$$libinit$$00000000) refers (Special) to libinit2.o(.ARM.Collect$$libinit$$00000002) for __rt_lib_init_fp_1
    libinit.o(.ARM.Collect$$libinit$$00000000) refers (Special) to libinit2.o(.ARM.Collect$$libinit$$0000001F) for __rt_lib_init_fp_trap_1
    libinit.o(.ARM.Collect$$libinit$$00000000) refers (Special) to libinit2.o(.ARM.Collect$$libinit$$00000023) for __rt_lib_init_getenv_1
    libinit.o(.ARM.Collect$$libinit$$00000000) refers (Special) to libinit2.o(.ARM.Collect$$libinit$$0000000A) for __rt_lib_init_heap_1
    libinit.o(.ARM.Collect$$libinit$$00000000) refers (Special) to libinit2.o(.ARM.Collect$$libinit$$00000011) for __rt_lib_init_lc_collate_1
    libinit.o(.ARM.Collect$$libinit$$00000000) refers (Special) to libinit2.o(.ARM.Collect$$libinit$$00000013) for __rt_lib_init_lc_ctype_1
    libinit.o(.ARM.Collect$$libinit$$00000000) refers (Special) to libinit2.o(.ARM.Collect$$libinit$$00000015) for __rt_lib_init_lc_monetary_1
    libinit.o(.ARM.Collect$$libinit$$00000000) refers (Special) to libinit2.o(.ARM.Collect$$libinit$$00000017) for __rt_lib_init_lc_numeric_1
    libinit.o(.ARM.Collect$$libinit$$00000000) refers (Special) to libinit2.o(.ARM.Collect$$libinit$$00000019) for __rt_lib_init_lc_time_1
    libinit.o(.ARM.Collect$$libinit$$00000000) refers (Special) to libinit2.o(.ARM.Collect$$libinit$$00000004) for __rt_lib_init_preinit_1
    libinit.o(.ARM.Collect$$libinit$$00000000) refers (Special) to libinit2.o(.ARM.Collect$$libinit$$0000000E) for __rt_lib_init_rand_1
    libinit.o(.ARM.Collect$$libinit$$00000000) refers (Special) to libinit2.o(.ARM.Collect$$libinit$$00000033) for __rt_lib_init_return
    libinit.o(.ARM.Collect$$libinit$$00000000) refers (Special) to libinit2.o(.ARM.Collect$$libinit$$0000001D) for __rt_lib_init_signal_1
    libinit.o(.ARM.Collect$$libinit$$00000000) refers (Special) to libinit2.o(.ARM.Collect$$libinit$$00000025) for __rt_lib_init_stdio_1
    libinit.o(.ARM.Collect$$libinit$$00000000) refers (Special) to libinit2.o(.ARM.Collect$$libinit$$0000000C) for __rt_lib_init_user_alloc_1
    libspace.o(.text) refers to libspace.o(.bss) for __libspace_start
    rtexit.o(.ARM.Collect$$rtexit$$00000000) refers (Special) to rtexit2.o(.ARM.Collect$$rtexit$$00000004) for __rt_exit_exit
    rtexit.o(.ARM.Collect$$rtexit$$00000000) refers (Special) to rtexit2.o(.ARM.Collect$$rtexit$$00000003) for __rt_exit_ls
    rtexit.o(.ARM.Collect$$rtexit$$00000000) refers (Special) to rtexit2.o(.ARM.Collect$$rtexit$$00000002) for __rt_exit_prels_1
    rtexit.o(.ARM.exidx) refers (Special) to rtexit2.o(.ARM.Collect$$rtexit$$00000004) for __rt_exit_exit
    rtexit.o(.ARM.exidx) refers (Special) to rtexit2.o(.ARM.Collect$$rtexit$$00000003) for __rt_exit_ls
    rtexit.o(.ARM.exidx) refers (Special) to rtexit2.o(.ARM.Collect$$rtexit$$00000002) for __rt_exit_prels_1
    rtexit.o(.ARM.exidx) refers to rtexit.o(.ARM.Collect$$rtexit$$00000000) for .ARM.Collect$$rtexit$$00000000
    rt_raise.o(.text) refers to __raise.o(.text) for __raise
    rt_raise.o(.text) refers to sys_exit.o(.text) for _sys_exit
    defsig_exit.o(.text) refers to sys_exit.o(.text) for _sys_exit
    defsig_fpe_inner.o(.text) refers to defsig_general.o(.text) for __default_signal_display
    libinit2.o(.ARM.Collect$$libinit$$00000001) refers to fpinit.o(x$fpl$fpinit) for _fp_init
    libinit2.o(.ARM.Collect$$libinit$$00000010) refers to libinit2.o(.ARM.Collect$$libinit$$0000000F) for .ARM.Collect$$libinit$$0000000F
    libinit2.o(.ARM.Collect$$libinit$$00000012) refers to libinit2.o(.ARM.Collect$$libinit$$0000000F) for .ARM.Collect$$libinit$$0000000F
    libinit2.o(.ARM.Collect$$libinit$$00000014) refers to libinit2.o(.ARM.Collect$$libinit$$0000000F) for .ARM.Collect$$libinit$$0000000F
    libinit2.o(.ARM.Collect$$libinit$$00000016) refers to libinit2.o(.ARM.Collect$$libinit$$0000000F) for .ARM.Collect$$libinit$$0000000F
    libinit2.o(.ARM.Collect$$libinit$$00000018) refers to libinit2.o(.ARM.Collect$$libinit$$0000000F) for .ARM.Collect$$libinit$$0000000F
    libinit2.o(.ARM.Collect$$libinit$$00000026) refers to argv_veneer.o(.emb_text) for __ARM_argv_veneer
    libinit2.o(.ARM.Collect$$libinit$$00000027) refers to argv_veneer.o(.emb_text) for __ARM_argv_veneer
    sys_exit.o(.text) refers (Special) to use_no_semi.o(.text) for __I$use$semihosting
    sys_exit.o(.text) refers (Special) to indicate_semi.o(.text) for __semihosting_library_function
    rtexit2.o(.ARM.Collect$$rtexit$$00000003) refers to libshutdown.o(.ARM.Collect$$libshutdown$$00000000) for __rt_lib_shutdown
    rtexit2.o(.ARM.Collect$$rtexit$$00000004) refers to sys_exit.o(.text) for _sys_exit
    rtexit2.o(.ARM.exidx) refers to rtexit2.o(.ARM.Collect$$rtexit$$00000001) for .ARM.Collect$$rtexit$$00000001
    rtexit2.o(.ARM.exidx) refers to rtexit2.o(.ARM.Collect$$rtexit$$00000003) for .ARM.Collect$$rtexit$$00000003
    rtexit2.o(.ARM.exidx) refers to rtexit2.o(.ARM.Collect$$rtexit$$00000004) for .ARM.Collect$$rtexit$$00000004
    __raise.o(.text) refers to __raise.o(i.__ARM_common_call_via_r2) for __ARM_common_call_via_r2
    __raise.o(.text) refers to defsig.o(CL$$defsig) for __default_signal_handler
    defsig_general.o(.text) refers to sys_wrch.o(.text) for _ttywrch
    argv_veneer.o(.emb_text) refers to no_argv.o(.text) for __ARM_get_argv
    sys_wrch.o(.text) refers (Special) to use_no_semi.o(.text) for __I$use$semihosting
    sys_wrch.o(.text) refers (Special) to indicate_semi.o(.text) for __semihosting_library_function
    defsig.o(CL$$defsig) refers to defsig_fpe_inner.o(.text) for __rt_SIGFPE_inner
    defsig.o(CL$$defsig) refers to defsig_rtmem_inner.o(.text) for __rt_SIGRTMEM_inner
    _get_argv_nomalloc.o(.text) refers (Special) to hrguard.o(.text) for __heap_region$guard
    _get_argv_nomalloc.o(.text) refers to defsig_rtmem_outer.o(.text) for __rt_SIGRTMEM
    _get_argv_nomalloc.o(.text) refers to sys_command.o(.text) for _sys_command_string
    libshutdown.o(.ARM.Collect$$libshutdown$$00000000) refers (Special) to libshutdown2.o(.ARM.Collect$$libshutdown$$00000002) for __rt_lib_shutdown_cpp_1
    libshutdown.o(.ARM.Collect$$libshutdown$$00000000) refers (Special) to libshutdown2.o(.ARM.Collect$$libshutdown$$00000007) for __rt_lib_shutdown_fp_trap_1
    libshutdown.o(.ARM.Collect$$libshutdown$$00000000) refers (Special) to libshutdown2.o(.ARM.Collect$$libshutdown$$0000000F) for __rt_lib_shutdown_heap_1
    libshutdown.o(.ARM.Collect$$libshutdown$$00000000) refers (Special) to libshutdown2.o(.ARM.Collect$$libshutdown$$00000010) for __rt_lib_shutdown_return
    libshutdown.o(.ARM.Collect$$libshutdown$$00000000) refers (Special) to libshutdown2.o(.ARM.Collect$$libshutdown$$0000000A) for __rt_lib_shutdown_signal_1
    libshutdown.o(.ARM.Collect$$libshutdown$$00000000) refers (Special) to libshutdown2.o(.ARM.Collect$$libshutdown$$00000004) for __rt_lib_shutdown_stdio_1
    libshutdown.o(.ARM.Collect$$libshutdown$$00000000) refers (Special) to libshutdown2.o(.ARM.Collect$$libshutdown$$0000000C) for __rt_lib_shutdown_user_alloc_1
    sys_command.o(.text) refers (Special) to use_no_semi.o(.text) for __I$use$semihosting
    sys_command.o(.text) refers (Special) to indicate_semi.o(.text) for __semihosting_library_function
    defsig_abrt_inner.o(.text) refers to defsig_general.o(.text) for __default_signal_display
    defsig_rtred_inner.o(.text) refers to defsig_general.o(.text) for __default_signal_display
    defsig_rtmem_inner.o(.text) refers to defsig_general.o(.text) for __default_signal_display
    defsig_rtmem_outer.o(.text) refers to defsig_rtmem_inner.o(.text) for __rt_SIGRTMEM_inner
    defsig_rtmem_outer.o(.text) refers to defsig_exit.o(.text) for __sig_exit
    defsig_rtmem_formal.o(.text) refers to rt_raise.o(.text) for __rt_raise
    defsig_stak_inner.o(.text) refers to defsig_general.o(.text) for __default_signal_display
    defsig_pvfn_inner.o(.text) refers to defsig_general.o(.text) for __default_signal_display
    defsig_cppl_inner.o(.text) refers to defsig_general.o(.text) for __default_signal_display
    defsig_segv_inner.o(.text) refers to defsig_general.o(.text) for __default_signal_display
    defsig_other.o(.text) refers to defsig_general.o(.text) for __default_signal_display


==============================================================================

Removing Unused input sections from the image.

    Removing startup.o(RESET), (272 bytes).
    Removing sound.o(.ARM.exidx), (8 bytes).
    Removing sound.o(.ARM.exidx), (8 bytes).
    Removing sound.o(.ARM.exidx), (8 bytes).
    Removing sound.o(.ARM.exidx), (8 bytes).
    Removing ff.o(i.dir_read), (224 bytes).
    Removing ff.o(i.dir_remove), (68 bytes).
    Removing ff.o(i.f_closedir), (52 bytes).
    Removing ff.o(i.f_getfree), (452 bytes).
    Removing ff.o(i.f_lseek), (708 bytes).
    Removing ff.o(i.f_mkdir), (460 bytes).
    Removing ff.o(i.f_opendir), (220 bytes).
    Removing ff.o(i.f_readdir), (152 bytes).
    Removing ff.o(i.f_rename), (512 bytes).
    Removing ff.o(i.f_stat), (124 bytes).
    Removing ff.o(i.f_truncate), (352 bytes).
    Removing ff.o(i.f_unlink), (328 bytes).
    Removing ff.o(i.f_write), (860 bytes).
    Removing ff.o(i.get_fileinfo), (232 bytes).

19 unused section(s) (total 5048 bytes) removed from the image.
