"thrust-rfile"
"Iteration" "thrust"
("Iteration" "thrust")
1 0.002354526265463931
2 0.009234635634312129
3 0.02034543452286015
4 0.03315170780176451
5 0.04879987382267507
6 0.06619154051359478
7 0.08376601660591892
8 0.101571752248726
9 0.1196419258524745
10 0.1390906425433815
11 0.1582047583581675
12 0.1781733720937909
13 0.2001155123947132
14 0.2233583233206577
15 0.2480236465893219
16 0.2749843976737927
17 0.3026945864473682
18 0.3311548522670756
19 0.3608972950029538
20 0.3919742542268078
21 0.4242243531649091
22 0.4567379602165925
23 0.489584550220546
24 0.5229509953607796
25 0.5565741582524777
26 0.5902870534768465
27 0.6243468029314825
28 0.6584370499797324
29 0.6926566066816867
30 0.7267255267586834
31 0.7606399901972625
32 0.7940172879080851
33 0.8269135670201011
34 0.8559129525057665
35 0.8899986628717043
36 0.918610082909961
37 0.9509830578427937
38 0.9777647616160856
39 1.007618722668507
40 1.032362510289339
41 1.059802264354952
42 1.082428992823757
43 1.106945003829198
44 1.127220014371149
45 1.14940012146102
46 1.167719870660118
47 1.187856525071384
48 1.204217093810267
49 1.222431736775869
50 1.237332582874665
51 1.253944303633708
52 1.267328405461008
53 1.282815662298253
54 1.296954533794071
55 1.30994006948071
56 1.320573997840457
57 1.333852922290915
58 1.34644486110387
59 1.356134215010415
60 1.368575852433684
61 1.380142712480911
62 1.388655374747589
63 1.40006140149912
64 1.408331960545159
65 1.419031202937902
66 1.426438051704788
67 1.435950232289474
68 1.442161890703569
69 1.450154705138598
70 1.455058603527743
71 1.46148218114016
72 1.465114113653424
73 1.469755332358848
74 1.471894297045264
75 1.47456814770609
76 1.475179175836936
77 1.475149786762829
78 1.474439758241051
79 1.472957694403339
80 1.470499782446646
81 1.467228393166451
82 1.463079711058196
83 1.458063437994616
84 1.4521274692591
85 1.44534883893309
86 1.437798949780088
87 1.429506052120233
88 1.420558256042125
89 1.411024104597245
90 1.400954400999554
91 1.390375784298496
92 1.379389170116664
93 1.368088610036096
94 1.356621039812604
95 1.344957000313436
96 1.333287365329768
97 1.321655609478138
98 1.310068325368574
99 1.298728807176872
100 1.287743738092693
101 1.276945833609476
102 1.266751946618758
103 1.256882577070798
104 1.247596363847583
105 1.238943858302015
106 1.231028029549865
107 1.223628755097193
108 1.216867699667469
109 1.210579552036529
110 1.205008790214879
111 1.199921164881188
112 1.19546084635394
113 1.191625726780631
114 1.188411304743626
115 1.185604455065027
116 1.183294324987232
117 1.181317655604305
118 1.179743013464731
119 1.178497718526752
120 1.177491202356311
121 1.176558853205251
122 1.175911323837513
123 1.175468291899885
124 1.174991244886506
125 1.174784115012382
126 1.174596559306476
127 1.174446996380643
128 1.174339178874995
129 1.174253818311525
130 1.174211733218489
131 1.174299526351833
132 1.174524874215689
133 1.174738639119526
134 1.174975411760008
135 1.175249287557099
136 1.17553912146536
137 1.175782878403959
138 1.176067237230072
139 1.176406674791241
140 1.176781202513701
141 1.17714536617891
142 1.177546079602525
143 1.177928406609364
144 1.178393691641752
145 1.178816495787722
146 1.179306340409041
147 1.179824459372362
148 1.180397286590799
149 1.180847192342583
150 1.181410425541487
151 1.181973461145765
152 1.18250680660325
153 1.183028767857234
154 1.183547186008571
155 1.1840010208059
156 1.184433184246459
157 1.184856393256688
158 1.185243186050391
159 1.185507507608958
160 1.185644878297126
161 1.185688398050321
162 1.185614729411703
163 1.185360807930289
164 1.184993854199293
165 1.184502376701495
166 1.183840547491702
167 1.183056846222465
168 1.182110462574847
169 1.181082106094786
170 1.179866235544938
171 1.178484971637125
172 1.176942894126687
173 1.175234924762497
174 1.17338012596224
175 1.17142173094002
176 1.169298484659147
177 1.167047587733857
178 1.164684123123429
179 1.162248529519522
180 1.159751326908672
181 1.157167388428332
182 1.154566934342037
183 1.151846033676214
184 1.149116579394085
185 1.146376560452186
186 1.143658597145563
187 1.140951524684956
188 1.138276120129353
189 1.135562760542542
190 1.132909850298512
191 1.130326415286272
192 1.127794585639282
193 1.125345556555299
194 1.123003645082865
195 1.120705285286325
196 1.11849332616767
197 1.116353525195308
198 1.114318869815694
199 1.112298093063321
200 1.110365991072972
201 1.108474570669724
202 1.10669975045263
203 1.104923727796465
204 1.103195676135236
205 1.101515235255072
206 1.099885408528733
207 1.098288825232721
208 1.096809603628696
209 1.095311353024912
210 1.093865051582389
211 1.092442163253653
212 1.091091008236701
213 1.089721192206937
214 1.088435134591167
215 1.087130525148273
216 1.085864953945412
217 1.084661912838031
218 1.083452065507369
219 1.082326106427845
220 1.081197105165729
221 1.080087960062019
222 1.078977133055518
223 1.077897217391823
224 1.076843329743003
225 1.075823673493188
226 1.074812329496793
227 1.073823880562591
228 1.072885508004511
229 1.071950809870862
230 1.071041038706925
231 1.070124706804404
232 1.069247871070847
233 1.068372500678535
234 1.067508464161242
235 1.066675055068488
236 1.065883255942492
237 1.06507044458078
238 1.064342587155533
239 1.063576534955338
240 1.062863635979289
241 1.062175742562985
242 1.061485394651118
243 1.060830733675609
244 1.060226953205163
245 1.059641560006481
246 1.059074493508856
247 1.058561726410792
248 1.058086025310847
249 1.057622932948214
250 1.057189164423409
251 1.056828211534984
252 1.056467162758557
253 1.056184645943592
254 1.05591220550447
255 1.055674530837094
256 1.055463789526582
257 1.055318090203592
258 1.055169477069845
259 1.055082396663793
260 1.055013659799578
261 1.054951926315984
262 1.054925286191099
263 1.054904313432772
264 1.05490496959613
265 1.054908235239365
266 1.054944283893194
267 1.055008307023167
268 1.05508264036499
269 1.055157646381221
270 1.055253439508137
271 1.055352233675259
272 1.055465734553945
273 1.055559483210885
274 1.055671553661635
275 1.055785155259124
276 1.055898773197668
277 1.056011559039835
278 1.056128700944943
279 1.056241016200322
280 1.056341131546916
281 1.056439110360053
282 1.056540899038182
283 1.056632363839571
284 1.056708478403901
285 1.05679092699957
286 1.056840193874699
287 1.056877897561782
288 1.056899317902688
289 1.056906695050768
290 1.056894860138397
291 1.056847262497566
292 1.056800295154749
293 1.056751956818762
294 1.056688479809634
295 1.056582007466207
296 1.05648264446737
297 1.056377125066744
298 1.056303019634512
299 1.056200372304926
300 1.056103125238501
301 1.056024541794814
302 1.055960025046708
303 1.055889963339906
304 1.055857121569537
305 1.055856792090894
306 1.055855821939847
307 1.055895464224497
308 1.05597427029066
309 1.056073412991326
310 1.056209796567121
311 1.056395358430152
312 1.056602704877549
313 1.05685763630616
314 1.057139465943135
315 1.057453089856933
316 1.057824365693746
317 1.058245238972852
318 1.058655815606456
319 1.059116999726399
320 1.059605761968917
321 1.06012050634588
322 1.060632902311575
323 1.061181644120129
324 1.061720567935425
325 1.062289342585442
326 1.062850300081283
327 1.063390299825053
328 1.06395825749876
329 1.064502679211913
330 1.065035030525957
331 1.065579698282751
332 1.066094358178133
333 1.066618535157486
334 1.067095254466968
335 1.067580775427244
336 1.068065986718257
337 1.068523323526859
338 1.068964820114599
339 1.069386237507056
340 1.069817318010139
341 1.070205512443935
342 1.070599350319899
343 1.070987160070455
344 1.071334550159871
345 1.071697876031569
346 1.072026590328562
347 1.072346542596464
348 1.072654966657195
349 1.07296476572326
350 1.073239605014277
351 1.073521382294766
352 1.073799941388001
353 1.074049241103796
354 1.074297546907157
355 1.074542112557899
356 1.074770926530386
357 1.075022212115712
358 1.075250990362257
359 1.075464957307443
360 1.075699459710815
361 1.075943095370945
362 1.076150719933275
363 1.076371801321452
364 1.076594719004195
365 1.076823390629107
366 1.077052613664188
367 1.077284351148716
368 1.077505702807432
369 1.077764957904008
370 1.078007183519558
371 1.078242615318724
372 1.07850221427196
373 1.078772572617648
374 1.079041792739278
375 1.079323730725244
376 1.079612108138988
377 1.079893001081474
378 1.080196666485356
379 1.080492286405129
380 1.080779484209264
381 1.081090068555869
382 1.081395514040115
383 1.081705588176151
384 1.082000807790778
385 1.082309059373933
386 1.082610480860265
387 1.082932305876154
388 1.083265309132645
389 1.083586609903504
390 1.083907534377192
391 1.084234970594921
392 1.084556394477851
393 1.08488638935005
394 1.08520700781087
395 1.085551282061732
396 1.085888799781404
397 1.086224430209544
398 1.086545892845943
399 1.086869162011402
400 1.087189896765032
401 1.08750318090142
402 1.087822844610098
403 1.088129683627348
404 1.08842265276049
405 1.088731264068822
406 1.089041203206502
407 1.089334133186978
408 1.089632690425262
409 1.089937542842534
410 1.090236162896833
411 1.090533436298975
412 1.09082841277805
413 1.091118740262533
414 1.09141905083858
415 1.09171414825754
416 1.091987776581252
417 1.092276193026255
418 1.092559005426785
419 1.092843839179331
420 1.093127211636759
421 1.093413286409832
422 1.093691925676739
423 1.093984628115011
424 1.094267823742005
425 1.09453827242233
426 1.094787509081665
427 1.095042562359594
428 1.095306942200695
429 1.09557971018255
430 1.095846996666998
431 1.096113956165842
432 1.096388501524257
433 1.096665256448238
434 1.096929908769152
435 1.097203556882039
436 1.09746817091195
437 1.09772383079144
438 1.097996773427441
439 1.09825617530048
440 1.098505720293181
441 1.09876681548403
442 1.099026971463414
443 1.099281678719555
444 1.099532981767937
445 1.099776576610674
446 1.100013039834421
447 1.100262954121427
448 1.100507241821169
449 1.100734433901176
450 1.10096594531668
451 1.101194519421425
452 1.101421578914446
453 1.101650314418146
454 1.101872820140771
455 1.102090903989744
456 1.102304996248493
457 1.102522844922422
458 1.102719153333216
459 1.102924865549214
460 1.103127759781126
461 1.10331762400466
462 1.103504275091538
463 1.103699296040229
464 1.103879935128802
465 1.104085360133432
466 1.104245472215364
467 1.104404885040072
468 1.104581577463073
469 1.1047510647885
470 1.104911314115507
471 1.105068343639465
472 1.105234037073354
473 1.105392622554155
474 1.105550390011006
475 1.105700774407228
476 1.105858743018144
477 1.106033458669852
478 1.10618560776004
479 1.106346675269387
480 1.106491274553497
481 1.106636195948237
482 1.106762155385561
483 1.10690780196273
484 1.107043179661946
485 1.107168931012287
486 1.107314935689623
487 1.107456852830488
488 1.107593988592219
489 1.107732043770115
490 1.107865859246747
491 1.107986299927052
492 1.108120318311737
493 1.108254815518873
494 1.108378505985626
495 1.108521590535404
496 1.108638568061513
497 1.108780815518434
498 1.108908221390846
499 1.109035574686108
500 1.109163778848326
501 1.109314449004847
502 1.1094381905702
503 1.109578246306263
504 1.109706430810415
505 1.109857826202303
506 1.109990750057122
507 1.110113099629624
508 1.110255453766248
509 1.11039335319113
510 1.110508920138144
511 1.110662768733662
512 1.110763180009864
513 1.110914676398015
514 1.111058240277512
515 1.111166830961769
516 1.111315843401566
517 1.111434259859459
518 1.111558833544548
519 1.111688396310021
520 1.111815054223114
521 1.111916370304752
522 1.112049553553933
523 1.112167102633177
524 1.112289942134812
525 1.112399137444968
526 1.112501310703426
527 1.11262025637556
528 1.112734532006015
529 1.112822831305321
530 1.112950629956135
531 1.113042750276168
532 1.113148084535541
533 1.113263546207794
534 1.113355394458069
535 1.113445719422252
536 1.113551796024462
537 1.113639902162899
538 1.113726469688167
539 1.113843030510886
540 1.11392753761797
541 1.114010883451225
542 1.114123652069461
543 1.114219429236748
544 1.11429642625521
545 1.11440671462323
546 1.114490438921818
547 1.114579048745594
548 1.11467816497602
549 1.114767400949791
550 1.114831269484327
551 1.11494348818886
552 1.115012887079448
553 1.115091820866021
554 1.115186793279387
555 1.115277726564678
556 1.115363284911677
557 1.115462387941218
558 1.115550269295204
559 1.11562901787619
560 1.115733798367468
561 1.115824264447565
562 1.115909757137696
563 1.116008182675123
564 1.116091312712071
565 1.116171134487049
566 1.116275304236658
567 1.116355799450918
568 1.116435532900734
569 1.116536416156977
570 1.116617723675603
571 1.116704622764206
572 1.116798602828543
573 1.116872035758124
574 1.11694915347243
575 1.117043456345241
576 1.117128301281097
577 1.117198099997521
578 1.117300197251966
579 1.117382100580503
580 1.117458658506316
581 1.117566863498343
582 1.117610173979987
583 1.117691772947105
584 1.117786047390005
585 1.117848683175669
586 1.117915687240992
587 1.11800662580932
588 1.118074947437898
589 1.118129760333751
590 1.118226828479091
591 1.118296445914414
592 1.118350024243993
593 1.118451370966369
594 1.118520499530954
595 1.118603503600957
596 1.118684146554785
597 1.118747946793612
598 1.118822774501407
599 1.118918802665468
600 1.118991343363628
601 1.119032933103924
602 1.119120951845648
603 1.119197828797204
604 1.119257983106919
605 1.119348350137619
606 1.119392424577176
607 1.119462955888125
608 1.11954321180389
609 1.119601619456252
610 1.119649887306764
611 1.119740580796021
612 1.11979286798282
613 1.119861390603377
614 1.11993922361085
615 1.120024668105392
616 1.12004530876895
617 1.120134335664135
618 1.120175176647619
619 1.120257408113525
620 1.120328365933843
621 1.120388227065102
622 1.120455559319556
623 1.12052970497738
624 1.1205811247353
625 1.120650109631195
626 1.120720134770435
627 1.120791166986735
628 1.120844687865467
629 1.120948801484923
630 1.120985183022965
631 1.121060760645272
632 1.121132579265391
633 1.1212011022713
634 1.121257711700273
635 1.121349122310312
636 1.12139458887397
637 1.121452454626378
638 1.121525372520907
639 1.121609046233004
640 1.121657051121972
641 1.121740984734643
642 1.121788184969945
643 1.121846610606126
644 1.121937222693502
645 1.122002945509465
646 1.122057390643168
647 1.122163751308173
648 1.122202035205253
649 1.1222677144458
650 1.122354636992625
651 1.122427216173858
652 1.122475457556927
653 1.122569372775573
654 1.122621952236432
655 1.122680077304147
656 1.122762882339499
657 1.122840704512317
658 1.122904424040594
659 1.122989704995025
660 1.123056007393562
661 1.123113732712308
662 1.123202044581831
663 1.123282455575116
664 1.123323686350642
665 1.123403862080084
666 1.123474310531213
667 1.123524850487664
668 1.123608821068479
669 1.123688918280601
670 1.123719231263699
671 1.123812463091231
672 1.123898113853284
673 1.123955798202194
674 1.124030836541995
675 1.124107406038165
676 1.124148864753075
677 1.124227224461972
678 1.124327514424079
679 1.124356967781228
680 1.124423665599349
681 1.124516128182625
682 1.124540779470532
683 1.124643420360794
684 1.124696824433272
685 1.124733642129552
686 1.124810491705687
687 1.124903236962746
688 1.124939794873252
689 1.125012558524351
690 1.125086602572323
691 1.125122657255128
692 1.125215708347273
693 1.125284746637504
694 1.125305697858202
695 1.125391190188415
696 1.125467573472311
697 1.125490778372167
698 1.125558236666849
699 1.125652996150204
700 1.125688931722323
701 1.12575270582614
702 1.12581083317867
703 1.125857007172199
704 1.125942340681784
705 1.126000093526264
706 1.126051004305259
707 1.126112908478394
708 1.126185214416876
709 1.126237842187589
710 1.126306911655602
711 1.126357035092379
712 1.126401242501224
713 1.126480487268273
714 1.12654427883936
715 1.126585392616486
716 1.12666612191078
717 1.126706280539139
718 1.126749577767065
719 1.126852847366283
720 1.126897784936641
721 1.126923869628754
722 1.127025106472438
723 1.127090351780791
724 1.12713041839528
725 1.127183081654999
726 1.127255632690361
727 1.127319168851606
728 1.127381202330832
729 1.127437830200284
730 1.12750934346649
731 1.127584536818506
732 1.127638007435461
733 1.127673425377893
734 1.127756980718765
735 1.12783805492079
736 1.127856467452636
737 1.127933056119773
738 1.128027346024073
739 1.128064650793396
740 1.128134159276932
741 1.128181173567709
742 1.128234318784659
743 1.128328928673421
744 1.128368153821838
745 1.128402070713757
746 1.128490654937913
747 1.128546246916852
748 1.128583505615171
749 1.128646870381492
750 1.128710928904012
751 1.128762254173121
752 1.12881593172874
753 1.128876464962754
754 1.12894780729117
755 1.129022702442888
756 1.129065399610641
757 1.129084672849618
758 1.129178328482315
759 1.129250285272121
760 1.129267638511793
761 1.129336941404225
762 1.129402662531922
763 1.129447470656501
764 1.129521749837441
765 1.129551235119358
766 1.129606837594487
767 1.129694086788393
768 1.129722552351275
769 1.129765928861695
770 1.129858033167801
771 1.129900218854856
772 1.129929737617787
773 1.13000117447472
774 1.130052555178657
775 1.130099780479102
776 1.130141994070873
777 1.130183919794505
778 1.130255629046477
779 1.130327033890922
780 1.130359981711659
781 1.130406642138813
782 1.130470579722478
783 1.130543118437108
784 1.130566827545558
785 1.130622952860553
786 1.130689794562733
787 1.130739160533445
788 1.130785045570062
789 1.130820335750189
790 1.130887741337383
791 1.130953618702781
792 1.130963134225325
793 1.131025004373394
794 1.131099559827215
795 1.131150837182515
796 1.131183946897557
797 1.131213189854017
798 1.131287409269386
799 1.13133726949946
800 1.131358591979108
801 1.131406183028769
802 1.131477604573293
803 1.131532052816472
804 1.131562556061424
805 1.131598745381643
806 1.131661076911997
807 1.131711940193445
808 1.131741291966607
809 1.131775671899823
810 1.131856166678086
811 1.131905067458755
812 1.131924557447252
813 1.131968616402602
814 1.132026682328056
815 1.132073608341386
816 1.132092006678512
817 1.132142091855336
818 1.132212958905656
819 1.132274882920701
820 1.132299422012659
821 1.132329611640035
822 1.132379180321937
823 1.132445474888274
824 1.132453181370961
825 1.132500549928689
826 1.132569428045578
827 1.132607714914611
828 1.132639990315218
829 1.132691221851188
830 1.132747409220943
831 1.132807293426461
832 1.132816932623683
833 1.132852995740589
834 1.132931853167795
835 1.132989752994175
836 1.132998974403604
837 1.133024370607948
838 1.133097883735653
839 1.133156458061274
840 1.133165996821597
841 1.133206486906658
842 1.133278435468426
843 1.133333664647554
844 1.133370287865862
845 1.133398564351162
846 1.133453584550791
847 1.133508391073764
848 1.133524301496559
849 1.133564005693948
850 1.133636871227674
851 1.133682774711992
852 1.133704798166721
853 1.133746575932633
854 1.133813185284767
855 1.133873182665164
856 1.133880092007556
857 1.133915720642434
858 1.133989383706997
859 1.134060472074842
860 1.134070977340236
861 1.134104529912949
862 1.134165224737955
863 1.13423172868567
864 1.134251310762906
865 1.134296182404078
866 1.13435174521308
867 1.134410461829229
868 1.134442059705099
869 1.134477857318993
870 1.13453117798175
871 1.134597761844374
872 1.134604265418067
873 1.134641829425947
874 1.134710509003591
875 1.134769174601761
876 1.134787711559621
877 1.134827005526612
878 1.13489103544679
879 1.134960405713508
880 1.13496576802783
881 1.13499697423425
882 1.135060861291836
883 1.135130392566241
884 1.135156403289983
885 1.135181478238901
886 1.135238751945992
887 1.135297390497446
888 1.135308392050665
889 1.13536796587858
890 1.135433581725304
891 1.135498821145847
892 1.135512667541521
893 1.135558948762682
894 1.135628218465463
895 1.135682731612998
896 1.13569129252634
897 1.135737477826598
898 1.135800418419636
899 1.135880638975161
900 1.135884696339527
901 1.135924417893684
902 1.135990667238719
903 1.136055862594104
904 1.136073218187871
905 1.136107170880462
906 1.136166192636547
907 1.136226177883351
908 1.136250895513367
909 1.136303006171016
910 1.13636409573892
911 1.13644877939896
912 1.136460596263766
913 1.136497456497781
914 1.136572627891314
915 1.136673092946936
916 1.136657193975029
917 1.136687086842058
918 1.136769720489195
919 1.136841009081359
920 1.136850218752126
921 1.136904069545178
922 1.136998839174425
923 1.137035929730041
924 1.137061309323184
925 1.137137634326044
926 1.137181012926278
927 1.137239631395056
928 1.13724457910069
929 1.137300431583689
930 1.137381839936619
931 1.137417416560489
932 1.137453233963247
933 1.137525575274164
934 1.137568090733527
935 1.137632866102157
936 1.137634960668839
937 1.137691820483253
938 1.137776240414549
939 1.137815528260113
940 1.137836895625212
941 1.137906552496294
942 1.1379499646351
943 1.138018710584566
944 1.138017396119762
945 1.13807510137727
946 1.138141543062085
947 1.138197225640252
948 1.138221173684172
949 1.138286368144691
950 1.138322414584197
951 1.138380069677345
952 1.138379627762633
953 1.138446956415564
954 1.138511410975238
955 1.13856526106114
956 1.138582647594755
957 1.138661086469499
958 1.138693756204614
959 1.138759071507782
960 1.138768093281652
961 1.138824084583228
962 1.138877785045723
963 1.13893263542417
964 1.138952895596433
965 1.139021784693671
966 1.139055525076371
967 1.139123975788757
968 1.13914637514326
969 1.139196169646023
970 1.139251037337002
971 1.139293373056377
972 1.139317306123302
973 1.139394472112145
974 1.139417906575562
975 1.139493680228663
976 1.139528236728206
977 1.139560684234763
978 1.139609375444454
979 1.139665162867337
980 1.139709365750008
981 1.139750039075595
982 1.139780049895863
983 1.139855934467545
984 1.139888832993565
985 1.139915069036439
986 1.139960541435252
987 1.140033218613251
988 1.140071561304469
989 1.140104894678757
990 1.140132414851784
991 1.140213808242811
992 1.140255677578839
993 1.140286101406
994 1.14032337553497
995 1.140375329646259
996 1.140412521015435
997 1.140462947227252
998 1.140482366761893
999 1.140566427184101
1000 1.140599531166
